// Jest Snapshot v1, https://goo.gl/fbAQLP

exports[`simple 1`] = `
<DocumentFragment>
  <div>
    <button>
      Change
    </button>
    0
  </div>
</DocumentFragment>
`;

exports[`simple 2`] = `
<DocumentFragment>
  <div>
    <button>
      Change
    </button>
    1
  </div>
</DocumentFragment>
`;

exports[`withModel 1`] = `
<DocumentFragment>
  <div>
    <button>
      Change
    </button>
    0
  </div>
</DocumentFragment>
`;

exports[`withModel 2`] = `
<DocumentFragment>
  <div>
    <button>
      Change
    </button>
    1
  </div>
</DocumentFragment>
`;

exports[`withModel without mapModelToProps 1`] = `
<DocumentFragment>
  <div>
    <button>
      Change
    </button>
    0
  </div>
</DocumentFragment>
`;

exports[`withModel without mapModelToProps 2`] = `
<DocumentFragment>
  <div>
    <button>
      Change
    </button>
    1
  </div>
</DocumentFragment>
`;
